2026-05-11 06:31:39 [main] DEBUG api.test.UserTests - debug.........
2026-05-11 06:31:39 [main] INFO  api.test.UserTests - *********Creating User********
2026-05-11 06:31:44 [main] INFO  api.test.UserTests - *********User is Created********
2026-05-11 06:41:53 [main] DEBUG api.test.UserTests - debug.........
2026-05-11 06:41:53 [main] INFO  api.test.UserTests - *********Getting User Info********
2026-05-11 06:42:09 [main] DEBUG api.test.UserTests - debug.........
2026-05-11 06:42:09 [main] INFO  api.test.UserTests - *********Creating User********
2026-05-11 06:42:14 [main] INFO  api.test.UserTests - *********User is Created********
2026-05-11 06:46:55 [main] DEBUG api.test.UserTests - debug.........
2026-05-11 06:46:55 [main] INFO  api.test.UserTests - *********Creating User********
2026-05-11 06:46:59 [main] INFO  api.test.UserTests - *********User is Created********
2026-05-11 06:49:48 [main] DEBUG api.test.UserTests2 - debug.........
2026-05-11 06:49:48 [main] INFO  api.test.UserTests2 - *********Creating User********
2026-05-11 06:49:52 [main] INFO  api.test.UserTests2 - *********User is Created********
2026-05-11 06:49:52 [main] INFO  api.test.UserTests2 - *********Getting User Info********
2026-05-11 06:49:53 [main] INFO  api.test.UserTests2 - *********Update User Info********
2026-05-11 06:49:56 [main] INFO  api.test.UserTests2 - *********Delete User********
2026-05-11 06:49:58 [main] INFO  api.test.UserTests2 - *********User is Deleted********
2026-05-11 06:53:21 [main] DEBUG api.test.UserTests2 - debug.........
2026-05-11 06:53:21 [main] INFO  api.test.UserTests2 - *********Creating User********
2026-05-11 06:53:25 [main] INFO  api.test.UserTests2 - *********User is Created********
2026-05-11 06:53:25 [main] INFO  api.test.UserTests2 - *********Getting User Info********
2026-05-11 06:53:26 [main] INFO  api.test.UserTests2 - *********User Info is Displayed********
2026-05-11 06:53:26 [main] INFO  api.test.UserTests2 - *********Update User Info********
2026-05-11 06:53:29 [main] INFO  api.test.UserTests2 - *********User Info is Updated********
2026-05-11 06:53:29 [main] INFO  api.test.UserTests2 - *********Delete User********
2026-05-11 06:53:31 [main] INFO  api.test.UserTests2 - *********User is Deleted********
